                              ZONEBUDGET Version 6
                             U.S. GEOLOGICAL SURVEY
                        VERSION 6.4.1 Release 12/09/2022

 OPENED flow.nam
 FILE TYPE:NAM   UNIT   22   STATUS:OLD                 
 FORMAT:FORMATTED              ACCESS:SEQUENTIAL          
 ACTION:READ                


 OPENED ..\flow_output\flow.cbc
 FILE TYPE:BUD   UNIT   23   STATUS:OLD                 
 FORMAT:UNFORMATTED            ACCESS:STREAM              
 ACTION:READ                


 OPENED flow.zon
 FILE TYPE:ZON   UNIT   24   STATUS:OLD                 
 FORMAT:FORMATTED              ACCESS:SEQUENTIAL          
 ACTION:READ                


 OPENED ..\flow.disu.grb
 FILE TYPE:GRB   UNIT   25   STATUS:OLD                 
 FORMAT:UNFORMATTED            ACCESS:STREAM              
 ACTION:READ                


 OPENED flow.csv
 FILE TYPE:CSV   UNIT   21   STATUS:REPLACE             
 FORMAT:FORMATTED              ACCESS:SEQUENTIAL          
 ACTION:READWRITE           

Reading budget file to determine number of terms per time step.
    1.00000        FLOW-JA-FACE                 
    1.00000                 WEL WEL             
    1.00000                 RIV RIV             
    1.00000                 RCH RCH             
    1.00000                 CHD CHD             
Detected 5 unique flow terms in budget file.

Processing Binary Grid File
  Detected unstructured grid (DISU)
  Detected VERSION 1
  Detected NTXT 15
  Detected LENTXT 100
  Detected NODES = 31831
  Detected NJA = 195836
  Detected XORIGIN = .000000000000000
  Detected YORIGIN = .000000000000000
  Detected ANGROT = .000000000000000
  Detected double array TOP
  Detected double array BOT
  Detected integer array IA
  Detected integer array JA
  Detected integer array ICELLTYPE
  Detected double array VERTICES
  Detected double array CELLX
  Detected double array CELLY
  Detected integer array IAVERT
  Detected integer array JAVERT
Done processing Binary Grid File

Processing zone dimensions
    NCELLS = 31831
End processing zone dimensions

Processing zone griddata

 OPENED flow_input/flow.zon_IZONE_1.txt
 FILE TYPE:OPEN/CLOSE   UNIT 1000   STATUS:OLD                 
 FORMAT:FORMATTED              ACCESS:SEQUENTIAL          
 ACTION:READ                


    Successfully read zone array with NCELLS = 31831
    Minimum user-specified zone number is 1
    Maximum user-specified zone number is 6


               USER ZONE          ZONE NUMBER           CELL COUNT
    --------------------------------------------------------------
                       0                    0                    0
                       1                    1                27042
                       2                    2                 3165
                       3                    3                  319
                       4                    4                  642
                       5                    5                  259
                       6                    6                  404
    --------------------------------------------------------------

End processing zone griddata

Reading records from budget file
    1.00000        FLOW-JA-FACE                 
    1.00000                 WEL WEL             
    1.00000                 RIV RIV             
    1.00000                 RCH RCH             
    1.00000                 CHD CHD             
Done reading records from budget file


  VOLUME BUDGET FOR ZONE 1 AT END OF TIME STEP    1, STRESS PERIOD   1
  ---------------------------------------------------------------------------------------------------

     CUMULATIVE VOLUME      L**3       RATES FOR THIS TIME STEP      L**3/T          PACKAGE/MODEL   
     ------------------                 ------------------------                     ----------------

           IN:                                      IN:
           ---                                      ---
                 WEL =       14063.3850                   WEL =       14063.3850     WEL                              
                 RIV =       15907.5670                   RIV =       15907.5670     RIV                              
                 RCH =        5431.0524                   RCH =        5431.0524     RCH                              
                 CHD =           0.0000                   CHD =           0.0000     CHD                              
              ZONE 2 =        7217.0217                ZONE 2 =        7217.0217                                      
              ZONE 3 =        1394.9095                ZONE 3 =        1394.9095                                      
              ZONE 4 =        1590.9955                ZONE 4 =        1590.9955                                      
              ZONE 5 =        4814.0466                ZONE 5 =        4814.0466                                      
              ZONE 6 =       11182.4642                ZONE 6 =       11182.4642                                      

            TOTAL IN =       61601.4418              TOTAL IN =       61601.4418

          OUT:                                     OUT:
          ----                                     ----
                 WEL =        7612.9000                   WEL =        7612.9000     WEL                              
                 RIV =       38443.9391                   RIV =       38443.9391     RIV                              
                 RCH =           0.0000                   RCH =           0.0000     RCH                              
                 CHD =          28.7492                   CHD =          28.7492     CHD                              
              ZONE 2 =        5412.0875                ZONE 2 =        5412.0875                                      
              ZONE 3 =         749.2682                ZONE 3 =         749.2682                                      
              ZONE 4 =        1257.0643                ZONE 4 =        1257.0643                                      
              ZONE 5 =        4001.1055                ZONE 5 =        4001.1055                                      
              ZONE 6 =        4095.9579                ZONE 6 =        4095.9579                                      

           TOTAL OUT =       61601.0715             TOTAL OUT =       61601.0715

            IN - OUT =           0.3702              IN - OUT =           0.3702

 PERCENT DISCREPANCY =           0.00     PERCENT DISCREPANCY =           0.00



  VOLUME BUDGET FOR ZONE 2 AT END OF TIME STEP    1, STRESS PERIOD   1
  ---------------------------------------------------------------------------------------------------

     CUMULATIVE VOLUME      L**3       RATES FOR THIS TIME STEP      L**3/T          PACKAGE/MODEL   
     ------------------                 ------------------------                     ----------------

           IN:                                      IN:
           ---                                      ---
                 WEL =        1227.4900                   WEL =        1227.4900     WEL                              
                 RIV =         299.2000                   RIV =         299.2000     RIV                              
                 RCH =         697.1616                   RCH =         697.1616     RCH                              
                 CHD =           0.0000                   CHD =           0.0000     CHD                              
              ZONE 1 =        5412.0875                ZONE 1 =        5412.0875                                      

            TOTAL IN =        7635.9391              TOTAL IN =        7635.9391

          OUT:                                     OUT:
          ----                                     ----
                 WEL =         418.9900                   WEL =         418.9900     WEL                              
                 RIV =           0.0000                   RIV =           0.0000     RIV                              
                 RCH =           0.0000                   RCH =           0.0000     RCH                              
                 CHD =           0.0000                   CHD =           0.0000     CHD                              
              ZONE 1 =        7217.0217                ZONE 1 =        7217.0217                                      

           TOTAL OUT =        7636.0117             TOTAL OUT =        7636.0117

            IN - OUT =      -7.2568E-02              IN - OUT =      -7.2568E-02

 PERCENT DISCREPANCY =          -0.00     PERCENT DISCREPANCY =          -0.00



  VOLUME BUDGET FOR ZONE 3 AT END OF TIME STEP    1, STRESS PERIOD   1
  ---------------------------------------------------------------------------------------------------

     CUMULATIVE VOLUME      L**3       RATES FOR THIS TIME STEP      L**3/T          PACKAGE/MODEL   
     ------------------                 ------------------------                     ----------------

           IN:                                      IN:
           ---                                      ---
                 WEL =         178.8500                   WEL =         178.8500     WEL                              
                 RIV =         403.0832                   RIV =         403.0832     RIV                              
                 RCH =          63.7110                   RCH =          63.7110     RCH                              
                 CHD =           0.0000                   CHD =           0.0000     CHD                              
              ZONE 1 =         749.2682                ZONE 1 =         749.2682                                      

            TOTAL IN =        1394.9123              TOTAL IN =        1394.9123

          OUT:                                     OUT:
          ----                                     ----
                 WEL =           0.0000                   WEL =           0.0000     WEL                              
                 RIV =           0.0000                   RIV =           0.0000     RIV                              
                 RCH =           0.0000                   RCH =           0.0000     RCH                              
                 CHD =           0.0000                   CHD =           0.0000     CHD                              
              ZONE 1 =        1394.9095                ZONE 1 =        1394.9095                                      

           TOTAL OUT =        1394.9095             TOTAL OUT =        1394.9095

            IN - OUT =       2.8255E-03              IN - OUT =       2.8255E-03

 PERCENT DISCREPANCY =           0.00     PERCENT DISCREPANCY =           0.00



  VOLUME BUDGET FOR ZONE 4 AT END OF TIME STEP    1, STRESS PERIOD   1
  ---------------------------------------------------------------------------------------------------

     CUMULATIVE VOLUME      L**3       RATES FOR THIS TIME STEP      L**3/T          PACKAGE/MODEL   
     ------------------                 ------------------------                     ----------------

           IN:                                      IN:
           ---                                      ---
                 WEL =          79.1550                   WEL =          79.1550     WEL                              
                 RIV =         413.0138                   RIV =         413.0138     RIV                              
                 RCH =         135.4722                   RCH =         135.4722     RCH                              
                 CHD =           0.0000                   CHD =           0.0000     CHD                              
              ZONE 1 =        1257.0643                ZONE 1 =        1257.0643                                      

            TOTAL IN =        1884.7053              TOTAL IN =        1884.7053

          OUT:                                     OUT:
          ----                                     ----
                 WEL =           0.0000                   WEL =           0.0000     WEL                              
                 RIV =         293.6606                   RIV =         293.6606     RIV                              
                 RCH =           0.0000                   RCH =           0.0000     RCH                              
                 CHD =           0.0000                   CHD =           0.0000     CHD                              
              ZONE 1 =        1590.9955                ZONE 1 =        1590.9955                                      

           TOTAL OUT =        1884.6561             TOTAL OUT =        1884.6561

            IN - OUT =       4.9186E-02              IN - OUT =       4.9186E-02

 PERCENT DISCREPANCY =           0.00     PERCENT DISCREPANCY =           0.00



  VOLUME BUDGET FOR ZONE 5 AT END OF TIME STEP    1, STRESS PERIOD   1
  ---------------------------------------------------------------------------------------------------

     CUMULATIVE VOLUME      L**3       RATES FOR THIS TIME STEP      L**3/T          PACKAGE/MODEL   
     ------------------                 ------------------------                     ----------------

           IN:                                      IN:
           ---                                      ---
                 WEL =           0.0000                   WEL =           0.0000     WEL                              
                 RIV =         402.4034                   RIV =         402.4034     RIV                              
                 RCH =          48.3352                   RCH =          48.3352     RCH                              
                 CHD =           0.0000                   CHD =           0.0000     CHD                              
              ZONE 1 =        4001.1055                ZONE 1 =        4001.1055                                      
              ZONE 6 =         367.1433                ZONE 6 =         367.1433                                      

            TOTAL IN =        4818.9874              TOTAL IN =        4818.9874

          OUT:                                     OUT:
          ----                                     ----
                 WEL =           0.0000                   WEL =           0.0000     WEL                              
                 RIV =           0.0000                   RIV =           0.0000     RIV                              
                 RCH =           0.0000                   RCH =           0.0000     RCH                              
                 CHD =           0.0000                   CHD =           0.0000     CHD                              
              ZONE 1 =        4814.0466                ZONE 1 =        4814.0466                                      
              ZONE 6 =           4.9346                ZONE 6 =           4.9346                                      

           TOTAL OUT =        4818.9811             TOTAL OUT =        4818.9811

            IN - OUT =       6.2972E-03              IN - OUT =       6.2972E-03

 PERCENT DISCREPANCY =           0.00     PERCENT DISCREPANCY =           0.00



  VOLUME BUDGET FOR ZONE 6 AT END OF TIME STEP    1, STRESS PERIOD   1
  ---------------------------------------------------------------------------------------------------

     CUMULATIVE VOLUME      L**3       RATES FOR THIS TIME STEP      L**3/T          PACKAGE/MODEL   
     ------------------                 ------------------------                     ----------------

           IN:                                      IN:
           ---                                      ---
                 WEL =           0.0000                   WEL =           0.0000     WEL                              
                 RIV =       10455.0040                   RIV =       10455.0040     RIV                              
                 RCH =          60.3019                   RCH =          60.3019     RCH                              
                 CHD =           0.0000                   CHD =           0.0000     CHD                              
              ZONE 1 =        4095.9579                ZONE 1 =        4095.9579                                      
              ZONE 5 =           4.9346                ZONE 5 =           4.9346                                      

            TOTAL IN =       14616.1983              TOTAL IN =       14616.1983

          OUT:                                     OUT:
          ----                                     ----
                 WEL =           0.0000                   WEL =           0.0000     WEL                              
                 RIV =        3066.6183                   RIV =        3066.6183     RIV                              
                 RCH =           0.0000                   RCH =           0.0000     RCH                              
                 CHD =           0.0000                   CHD =           0.0000     CHD                              
              ZONE 1 =       11182.4642                ZONE 1 =       11182.4642                                      
              ZONE 5 =         367.1433                ZONE 5 =         367.1433                                      

           TOTAL OUT =       14616.2259             TOTAL OUT =       14616.2259

            IN - OUT =      -2.7604E-02              IN - OUT =      -2.7604E-02

 PERCENT DISCREPANCY =          -0.00     PERCENT DISCREPANCY =          -0.00


Reading records from budget file
Done reading records.  Exiting time loop.

Normal Termination
